=== 2026-05-06T21:55:28+02:00 ===
POST: Array
(
    [project_title_id] => 1
    [classification_id] => 5
    [position_id] => 1
    [official_id] => 80
    [school_year] => 2024-2025
    [date_proposed] => 2026-05-08
    [transaction_type] => Appropriation
    [approved_funds] => 120000
    [actual_expenditure] => 12300
    [remaining_budget] => 107700.00
    [project_status] => Completed
    [college_id] => 1
    [created_by] => 0
)

=== 2026-05-06T21:59:01+02:00 ===
POST: Array
(
    [project_title_id] => 1
    [classification_id] => 5
    [position_id] => 1
    [official_id] => 80
    [school_year] => 2024-2025
    [date_proposed] => 2026-05-08
    [transaction_type] => Appropriation
    [approved_funds] => 13000
    [actual_expenditure] => 12500
    [remaining_budget] => 500.00
    [project_status] => Completed
    [college_id] => 1
    [created_by] => 0
)

